error[E0277]: missing overload for arguments `()`
  --> splat-overload-diagnostics/src/bin/diag-function-return-values.rs:15:5
   |
15 |     foo();
   |     ^^^ the argument types `()` do not match any overload
   |
   = help: the trait `FooArgs` is not implemented for `()`
   = note: check for missing or extra arguments, and check argument types
   = note: consider adding a new overload in the overload! { ... } block
help: the following other types implement trait `FooArgs`
  --> splat-overload-diagnostics/src/bin/diag-function-return-values.rs:8:1
   |
 8 | / overload! {
 9 | |     fn foo(x: i32) -> i32 { x }
10 | |     fn foo(x: f64) -> f64 { x }
11 | | }
   | | ^
   | | |
   | |_`(f64,)`
   |   `(i32,)`
note: required by a bound in `foo`
  --> splat-overload-diagnostics/src/bin/diag-function-return-values.rs:8:1
   |
 8 | / overload! {
 9 | |     fn foo(x: i32) -> i32 { x }
10 | |     fn foo(x: f64) -> f64 { x }
11 | | }
   | |_^ required by this bound in `foo`
   = note: this error originates in the macro `overload` (in Nightly builds, run with -Z macro-backtrace for more info)

error[E0277]: missing overload for arguments `(&str,)`
  --> splat-overload-diagnostics/src/bin/diag-function-return-values.rs:16:9
   |
16 |     foo("wrong type");
   |     --- ^^^^^^^^^^^^ the argument types `(&str,)` do not match any overload
   |     |
   |     required by a bound introduced by this call
   |
   = help: the trait `FooArgs` is not implemented for `(&str,)`
   = note: check for missing or extra arguments, and check argument types
   = note: consider adding a new overload in the overload! { ... } block
help: the following other types implement trait `FooArgs`
  --> splat-overload-diagnostics/src/bin/diag-function-return-values.rs:8:1
   |
 8 | / overload! {
 9 | |     fn foo(x: i32) -> i32 { x }
10 | |     fn foo(x: f64) -> f64 { x }
11 | | }
   | | ^
   | | |
   | |_`(f64,)`
   |   `(i32,)`
note: required by a bound in `foo`
  --> splat-overload-diagnostics/src/bin/diag-function-return-values.rs:8:1
   |
 8 | / overload! {
 9 | |     fn foo(x: i32) -> i32 { x }
10 | |     fn foo(x: f64) -> f64 { x }
11 | | }
   | |_^ required by this bound in `foo`
   = note: this error originates in the macro `overload` (in Nightly builds, run with -Z macro-backtrace for more info)

error[E0277]: missing overload for arguments `(_, _, _)`
  --> splat-overload-diagnostics/src/bin/diag-function-return-values.rs:18:9
   |
18 |     foo(1_i32, 2, 3);
   |     --- ^^^^^ the argument types `(_, _, _)` do not match any overload
   |     |
   |     required by a bound introduced by this call
   |
   = help: the trait `FooArgs` is not implemented for `(_, _, _)`
   = note: check for missing or extra arguments, and check argument types
   = note: consider adding a new overload in the overload! { ... } block
help: the following other types implement trait `FooArgs`
  --> splat-overload-diagnostics/src/bin/diag-function-return-values.rs:8:1
   |
 8 | / overload! {
 9 | |     fn foo(x: i32) -> i32 { x }
10 | |     fn foo(x: f64) -> f64 { x }
11 | | }
   | | ^
   | | |
   | |_`(f64,)`
   |   `(i32,)`
note: required by a bound in `foo`
  --> splat-overload-diagnostics/src/bin/diag-function-return-values.rs:8:1
   |
 8 | / overload! {
 9 | |     fn foo(x: i32) -> i32 { x }
10 | |     fn foo(x: f64) -> f64 { x }
11 | | }
   | |_^ required by this bound in `foo`
   = note: this error originates in the macro `overload` (in Nightly builds, run with -Z macro-backtrace for more info)

error[E0308]: mismatched types
  --> splat-overload-diagnostics/src/bin/diag-function-return-values.rs:20:18
   |
20 |     let a: i32 = foo(1.0_f64);
   |            ---   ^^^^^^^^^^^^ expected `i32`, found `f64`
   |            |
   |            expected due to this

error[E0277]: missing overload for arguments `()`
  --> splat-overload-diagnostics/src/bin/diag-function-return-values.rs:15:5
   |
15 |     foo();
   |     ^^^^^ the argument types `()` do not match any overload
   |
   = help: the trait `FooArgs` is not implemented for `()`
   = note: check for missing or extra arguments, and check argument types
   = note: consider adding a new overload in the overload! { ... } block
help: the following other types implement trait `FooArgs`
  --> splat-overload-diagnostics/src/bin/diag-function-return-values.rs:8:1
   |
 8 | / overload! {
 9 | |     fn foo(x: i32) -> i32 { x }
10 | |     fn foo(x: f64) -> f64 { x }
11 | | }
   | | ^
   | | |
   | |_`(f64,)`
   |   `(i32,)`
   = note: this error originates in the macro `overload` (in Nightly builds, run with -Z macro-backtrace for more info)

error[E0277]: missing overload for arguments `(&str,)`
  --> splat-overload-diagnostics/src/bin/diag-function-return-values.rs:16:5
   |
16 |     foo("wrong type");
   |     ^^^^^^^^^^^^^^^^^ the argument types `(&str,)` do not match any overload
   |
   = help: the trait `FooArgs` is not implemented for `(&str,)`
   = note: check for missing or extra arguments, and check argument types
   = note: consider adding a new overload in the overload! { ... } block
help: the following other types implement trait `FooArgs`
  --> splat-overload-diagnostics/src/bin/diag-function-return-values.rs:8:1
   |
 8 | / overload! {
 9 | |     fn foo(x: i32) -> i32 { x }
10 | |     fn foo(x: f64) -> f64 { x }
11 | | }
   | | ^
   | | |
   | |_`(f64,)`
   |   `(i32,)`
   = note: this error originates in the macro `overload` (in Nightly builds, run with -Z macro-backtrace for more info)

error[E0277]: missing overload for arguments `(i32, {integer}, {integer})`
  --> splat-overload-diagnostics/src/bin/diag-function-return-values.rs:18:5
   |
18 |     foo(1_i32, 2, 3);
   |     ^^^^^^^^^^^^^^^^ the argument types `(i32, {integer}, {integer})` do not match any overload
   |
   = help: the trait `FooArgs` is not implemented for `(i32, {integer}, {integer})`
   = note: check for missing or extra arguments, and check argument types
   = note: consider adding a new overload in the overload! { ... } block
help: the following other types implement trait `FooArgs`
  --> splat-overload-diagnostics/src/bin/diag-function-return-values.rs:8:1
   |
 8 | / overload! {
 9 | |     fn foo(x: i32) -> i32 { x }
10 | |     fn foo(x: f64) -> f64 { x }
11 | | }
   | | ^
   | | |
   | |_`(f64,)`
   |   `(i32,)`
   = note: this error originates in the macro `overload` (in Nightly builds, run with -Z macro-backtrace for more info)

Some errors have detailed explanations: E0277, E0308.
For more information about an error, try `rustc --explain E0277`.
error: could not compile `splat-overload-diagnostics` (bin "diag-function-return-values") due to 7 previous errors
